1 437.285305 1.25%

2 391.147405 2.24%

3 390.799129 3.22%

4 391.733990 4.21%

5 388.805731 5.19%

6 389.014444 6.16%

7 391.465685 7.14%

8 387.105212 8.10%

9 392.236335 9.09%

10 386.854084 10.05%

